// Vitest Snapshot v1, https://vitest.dev/guide/snapshot.html

exports[`Trivia > should match the snapshot 1`] = `
<div>
  <header
    class="css-cyjglw"
  >
    <div
      class="chakra-container css-1g360fb"
    >
      <div
        class="chakra-stack css-2jbh02"
      >
        <a
          href="/"
        >
          <p
            class="chakra-text css-kkaoep"
          >
            Trivia
          </p>
        </a>
        <div
          class="css-j0ozid"
        >
          <a
            href="/login"
          >
             Sign in 
          </a>
          <a
            href="/sign-up"
          >
             Sign Up 
          </a>
        </div>
      </div>
    </div>
  </header>
  <main
    class="chakra-container css-b93e9j"
  >
    <div
      class="css-1kxonj9"
    >
      <p
        class="chakra-text css-ko7xmz"
      >
        Question 
        1
        /10
      </p>
      <div
        class="chakra-card css-umnoxe"
      >
        <div
          class="css-ydhgod"
        >
          <div
            class="chakra-stack css-py8sb8"
          >
            <div
              class="chakra-skeleton css-1mhey06"
            />
            <div
              class="chakra-skeleton css-gh4u1o"
            />
          </div>
        </div>
        <form
          class="chakra-stack css-tgpajw"
        >
          <div
            class="chakra-stack css-1069lhh"
          >
            <p
              class="chakra-skeleton css-168vbtr"
            />
            <div
              class="chakra-stack css-1ywvnpj"
            >
              <div
                class="chakra-skeleton css-1u1dhr4"
              />
              <div
                class="chakra-skeleton css-1mg5xl8"
              />
              <div
                class="chakra-skeleton css-16eank5"
              />
              <div
                class="chakra-skeleton css-1pht03p"
              />
            </div>
            <div
              class="chakra-skeleton css-df4m0m"
            />
          </div>
        </form>
      </div>
      <img
        alt="Question image"
        class="chakra-image css-thp9o"
        src="/assets/trivia-question.svg"
      />
    </div>
  </main>
  <footer
    class="css-1s2lyti"
  >
    <div
      class="chakra-container css-0"
    >
      <div
        class="chakra-stack css-11h4xmw"
      >
        <a
          href="/"
        >
          <p
            class="chakra-text css-rekzoj"
          >
            Trivia
          </p>
        </a>
        <div
          class="css-0"
        >
          <strong
            class="chakra-heading css-kf3i1p"
          >
            Site map
          </strong>
          <div
            class="chakra-stack css-1ko7mmx"
          >
            <a
              href="/"
            >
              Home
            </a>
            <a
              href="/login"
            >
              Sign in
            </a>
            <a
              href="/sign-up"
            >
              Sign up
            </a>
          </div>
        </div>
        <div
          class="css-0"
        >
          <strong
            class="chakra-heading css-kf3i1p"
          >
            Social
          </strong>
          <div
            class="chakra-stack css-1ko7mmx"
          >
            <a
              href="https://www.linkedin.com/in/ingrid-flack/"
            >
              LinkedIn
            </a>
            <a
              href="https://github.com/ingridflack"
            >
              GitHub
            </a>
          </div>
        </div>
      </div>
      <div
        class="chakra-stack css-1y3yl0q"
      >
        <p
          class="chakra-text css-0"
        >
          Â© 2024 Trivia App
        </p>
        <p
          class="chakra-text css-0"
        >
          Developed by Ingrid Flack
        </p>
      </div>
    </div>
  </footer>
</div>
`;
