// Vitest Snapshot v1, https://vitest.dev/guide/snapshot.html

exports[`Timer > should match the snapshot 1`] = `
<div>
  <div
    aria-valuemax="20"
    aria-valuemin="0"
    aria-valuenow="10"
    class="chakra-progress css-1wsiu6z"
    role="progressbar"
  >
    <svg
      class="css-1hrl48y"
      viewBox="0 0 100 100"
    >
      <circle
        class="chakra-progress__track css-1bhxzgy"
        cx="50"
        cy="50"
        r="42"
        stroke-width="4px"
      />
      <circle
        class="chakra-progress__indicator css-12qt19m"
        cx="50"
        cy="50"
        r="42"
        stroke-dasharray="132 132"
        stroke-dashoffset="66"
        stroke-width="4px"
      />
    </svg>
    <div
      class="css-tvcbta"
    >
      10
    </div>
  </div>
</div>
`;
