// Vitest Snapshot v1, https://vitest.dev/guide/snapshot.html

exports[`Footer > should match the snapshot 1`] = `
<div>
  <footer
    class="css-1s2lyti"
  >
    <div
      class="chakra-container css-0"
    >
      <div
        class="chakra-stack css-11h4xmw"
      >
        <a
          href="/"
        >
          <p
            class="chakra-text css-rekzoj"
          >
            Trivia
          </p>
        </a>
        <div
          class="css-0"
        >
          <strong
            class="chakra-heading css-kf3i1p"
          >
            Site map
          </strong>
          <div
            class="chakra-stack css-1ko7mmx"
          >
            <a
              href="/"
            >
              Home
            </a>
            <a
              href="/login"
            >
              Sign in
            </a>
            <a
              href="/sign-up"
            >
              Sign up
            </a>
          </div>
        </div>
        <div
          class="css-0"
        >
          <strong
            class="chakra-heading css-kf3i1p"
          >
            Social
          </strong>
          <div
            class="chakra-stack css-1ko7mmx"
          >
            <a
              href="https://www.linkedin.com/in/ingrid-flack/"
            >
              LinkedIn
            </a>
            <a
              href="https://github.com/ingridflack"
            >
              GitHub
            </a>
          </div>
        </div>
      </div>
      <div
        class="chakra-stack css-1y3yl0q"
      >
        <p
          class="chakra-text css-0"
        >
          Â© 2024 Trivia App
        </p>
        <p
          class="chakra-text css-0"
        >
          Developed by Ingrid Flack
        </p>
      </div>
    </div>
  </footer>
</div>
`;
