// Vitest Snapshot v1, https://vitest.dev/guide/snapshot.html

exports[`SendEmailForm > should match the snapshot 1`] = `
<div>
  <form
    class="chakra-stack css-2umoaz"
    role="form"
  >
    <div
      class="chakra-form-control css-0"
      role="group"
    >
      <label
        class="chakra-form__label css-uvho5g"
        for="email"
        id="field-:r0:-label"
      >
        Email address
      </label>
      <input
        class="chakra-input css-0"
        id="email"
        placeholder="Enter your email"
        type="email"
      />
    </div>
    <button
      class="chakra-button css-uxt1e8"
      type="submit"
    >
      Send
    </button>
  </form>
</div>
`;

exports[`SendEmailForm > should render success message when email is sent successfully 1`] = `
<div>
  <p
    class="chakra-text css-djevj3"
  >
    Email sent successfully. Please check your inbox.
  </p>
</div>
`;
