// Vitest Snapshot v1, https://vitest.dev/guide/snapshot.html

exports[`ResetPassword > should match the snapshot 1`] = `
<div>
  <header
    class="css-cyjglw"
  >
    <div
      class="chakra-container css-1g360fb"
    >
      <div
        class="chakra-stack css-2jbh02"
      >
        <a
          href="/"
        >
          <p
            class="chakra-text css-kkaoep"
          >
            Trivia
          </p>
        </a>
        <div
          class="css-j0ozid"
        >
          <a
            href="/login"
          >
             Sign in 
          </a>
          <a
            href="/sign-up"
          >
             Sign Up 
          </a>
        </div>
      </div>
    </div>
  </header>
  <main
    class="chakra-container css-1vom740"
  >
    <div
      class="chakra-card css-61ehub"
    >
      <div
        class="css-1updlva"
      >
        <p
          class="chakra-text css-mvfx24"
        >
          Reset your password
        </p>
        <div>
          <p>
            Invalid token.
          </p>
        </div>
      </div>
      <img
        alt="Login image"
        class="chakra-image css-1b9ujuc"
        src="/assets/recovery.svg"
      />
    </div>
  </main>
  <footer
    class="css-1s2lyti"
  >
    <div
      class="chakra-container css-0"
    >
      <div
        class="chakra-stack css-11h4xmw"
      >
        <a
          href="/"
        >
          <p
            class="chakra-text css-rekzoj"
          >
            Trivia
          </p>
        </a>
        <div
          class="css-0"
        >
          <strong
            class="chakra-heading css-kf3i1p"
          >
            Site map
          </strong>
          <div
            class="chakra-stack css-1ko7mmx"
          >
            <a
              href="/"
            >
              Home
            </a>
            <a
              href="/login"
            >
              Sign in
            </a>
            <a
              href="/sign-up"
            >
              Sign up
            </a>
          </div>
        </div>
        <div
          class="css-0"
        >
          <strong
            class="chakra-heading css-kf3i1p"
          >
            Social
          </strong>
          <div
            class="chakra-stack css-1ko7mmx"
          >
            <a
              href="https://www.linkedin.com/in/ingrid-flack/"
            >
              LinkedIn
            </a>
            <a
              href="https://github.com/ingridflack"
            >
              GitHub
            </a>
          </div>
        </div>
      </div>
      <div
        class="chakra-stack css-1y3yl0q"
      >
        <p
          class="chakra-text css-0"
        >
          Â© 2024 Trivia App
        </p>
        <p
          class="chakra-text css-0"
        >
          Developed by Ingrid Flack
        </p>
      </div>
    </div>
  </footer>
</div>
`;
