// Vitest Snapshot v1, https://vitest.dev/guide/snapshot.html

exports[`LoginForm > should match the snapshot 1`] = `
<div>
  <form
    class="chakra-stack css-2umoaz"
    role="form"
  >
    <div
      class="chakra-form-control css-0"
      role="group"
    >
      <label
        class="chakra-form__label css-uvho5g"
        for="email"
        id="field-:r2:-label"
      >
        Email address
      </label>
      <input
        class="chakra-input css-0"
        id="email"
        placeholder="Enter your email"
        type="email"
      />
    </div>
    <div
      class="chakra-form-control css-0"
      role="group"
    >
      <label
        class="chakra-form__label css-uvho5g"
        for="password"
        id="field-:r3:-label"
      >
        Password
      </label>
      <input
        class="chakra-input css-0"
        id="password"
        placeholder="Enter your password"
        type="password"
      />
    </div>
    <button
      class="chakra-button css-uxt1e8"
      type="submit"
    >
      Sign in
    </button>
  </form>
</div>
`;
